// Jest Snapshot v1, https://goo.gl/fbAQLP

exports[`test primary button tests if matches with snapshot 1`] = `
<DocumentFragment>
  <button
    class="MuiButtonBase-root MuiButton-root MuiButton-contained MuiButton-containedPrimary"
    data-testid="components/constants/buttonPrimary"
    tabindex="0"
    type="button"
  >
    <span
      class="MuiButton-label"
    >
      Test Label
    </span>
    <span
      class="MuiTouchRipple-root"
    />
  </button>
</DocumentFragment>
`;
