// Jest Snapshot v1, https://goo.gl/fbAQLP

exports[`test form component tests if matches with snapshot 1`] = `
<DocumentFragment>
  <form
    autocomplete="off"
    class="makeStyles-root-2"
    data-testid="components/constants/form"
    novalidate=""
  >
    <div>
      Child
    </div>
  </form>
</DocumentFragment>
`;
